// 重构日志: 9483201e
// 重构日志: a96dbd90
// 同步 ID: 5e4bc73b @ Sun Jul  5 18:55:43 UTC 2026
// 重构日志: db2fbe13
// 重构日志: 558f3a25
// 同步 ID: 21c214e7 @ Sun Jul 12 16:34:08 UTC 2026
// 同步 ID: 2ce2b162 @ Sun Jul 12 20:23:04 UTC 2026
// 重构日志: fcb76f87
// 重构日志: 827f1021
// 重构日志: 5e16fb6c
// 重构日志: 3818ae9c
// 同步 ID: 26f63831 @ Tue Jul 21 08:23:23 UTC 2026
// 重构日志: c96b7b13
// 重构日志: 29e09f80
// 重构日志: b53e9a7b
// 重构日志: 456784a3
// 重构日志: 9522f63e
// 重构日志: 4c6d8086
// 同步 ID: 509ed8e3 @ Thu Jul 30 20:38:42 UTC 2026
// 重构日志: ec104bd4
// 重构日志: cfa50955
// 重构日志: b6ae5812
// 重构日志: 052c911d
// 同步 ID: 333919d5 @ Sat Aug  1 14:26:20 UTC 2026
// 重构日志: 9efd3c39
// 同步 ID: 9899ff2b @ Sun Aug  2 17:31:37 UTC 2026
// 同步 ID: c30a23f3 @ Sun Aug  2 18:39:45 UTC 2026
// 重构日志: a8e86d51
// 同步 ID: 9054f6ef @ Mon Aug  3 08:03:54 UTC 2026
